fw_actions.o 
fw_configinfo.o 
fw_dcgvas.o 
fw_filefunc.o 
fw_linkrtns.o 
fw_roppc.o 
fw_runtasks.o 
fw_staterrspt.o 
fw_tcpfunc.o 
fw_udpfunc.o 
rng_dma.o 
sd_emc.o 
sd_emc_actions.o 
sd_emc_datapack.o 
sd_emc_hw.o 
sd_emc_runtasks.o 
sd_empty.o 
sd_empty_actions.o 
sd_empty_hw.o 
sd_empty_runtasks.o 
sd_mdc.o 
sd_mdc_actions.o 
sd_mdc_datapack.o 
sd_mdc_hptdcupload_mqtv10.o 
sd_mdc_hw.o 
sd_mdc_JTAGSetData_mqtv10.o 
sd_mdc_JTAGSetDR_mqtv10.o 
sd_mdc_JTAGSetIR_mqtv10.o 
sd_mdc_JTAGSoftReset_mqtv10.o 
sd_mdc_JTAGStep_mqtv10.o 
sd_mdc_runtasks.o 
sd_muon.o 
sd_muon_actions.o 
sd_muon_datapack.o 
sd_muon_hw.o 
sd_muon_runtasks.o 
sd_tof.o 
sd_tof_actions.o 
sd_tof_datapack.o 
sd_tof_fee.o 
sd_tof_hptdc_config.o 
sd_tof_hw.o 
sd_tof_monitor.o 
sd_tof_runtasks.o 
sd_trg.o 
sd_trg_actions.o 
sd_trg_datapack.o 
sd_trg_hw.o 
sd_trg_runtasks.o 
sd_zdd.o 
sd_zdd_actions.o 
sd_zdd_datapack.o 
sd_zdd_hw.o 
sd_zdd_runtasks.o 
sd_etf.o 
sd_etf_actions.o 
sd_etf_datapack.o 
sd_etf_fee.o 
sd_etf_hw.o 
sd_etf_runtasks.o 
